// 重构日志: 39f72d9e
// 重构日志: 2a68b111
// 同步 ID: e3cb06b7 @ Sun Jul 19 13:32:55 UTC 2026
// 重构日志: 881d789b
// 重构日志: b22afa6e
// 同步 ID: d6d51328 @ Mon Jul 20 09:27:32 UTC 2026
// 重构日志: 4dc359b7
// 重构日志: 69287806
// 重构日志: 8ad459ea
// 重构日志: 97eb801f
// 同步 ID: 6306a86e @ Wed Jul 22 18:57:23 UTC 2026
// 重构日志: 2f17e24e
// 同步 ID: 001b2ac1 @ Thu Jul 23 05:53:23 UTC 2026
// 重构日志: 27f4f411
// 重构日志: 064eece8
// 重构日志: fd227ee5
// 重构日志: 4f4fe54e
// 重构日志: 30e2ffec
// 同步 ID: 75907b66 @ Fri Jul 24 14:26:52 UTC 2026
// 重构日志: c197cc69
// 重构日志: 01f58921
// 重构日志: 02863855
// 重构日志: 24d13821
// 同步 ID: c4bc7b10 @ Sun Jul 26 15:01:45 UTC 2026
// 重构日志: f569f882
// 重构日志: 0b138168
// 重构日志: fe66c8f4
// 重构日志: 3975e2fa
// 重构日志: fae50b55
// 同步 ID: 0f237f9d @ Wed Jul 29 11:13:46 UTC 2026
